
> envision-backend-server@1.0.0 test
> node --experimental-vm-modules node_modules/jest/bin/jest.js --detectOpenHandles --forceExit

node.exe : (node:7176) ExperimentalWarning: VM Modules is an experimental feature and might change at any time
At line:1 char:1
+ & "D:\nodejs/node.exe" "C:\Users\DELL\AppData\Roaming\npm/node_module ...
+ ~~~~~~~~~~~~~~~~~~~~~~~~~~~~~~~~~~~~~~~~~~~~~~~~~~~~~~~~~~~~~~~~~~~~~
    + CategoryInfo          : NotSpecified: ((node:7176) Exp...nge at any time:String) [], RemoteException
    + FullyQualifiedErrorId : NativeCommandError
 
(Use `node --trace-warnings ...` to show where the warning was created)
FAIL src/__tests__/api.test.mjs (22.624 s)
  ΓùÅ 1. Health Check ΓÇ║ GET /health should return 200

    thrown: "Exceeded timeout of 5000 ms for a hook.
    Add a timeout value to this test to increase the timeout, if this is a long-running test. See 
https://jestjs.io/docs/api#testname-fn-timeout."

    [0m [90m 52 |[39m }[33m;[39m
     [90m 53 |[39m
    [31m[1m>[22m[39m[90m 54 |[39m beforeAll([36masync[39m () [33m=>[39m {
     [90m    |[39m [31m[1m^[22m[39m
     [90m 55 |[39m   [90m// Import app after env vars are set[39m
     [90m 56 |[39m   app [33m=[39m [36mawait[39m [36mimport[39m([32m'../index.js'[39m)[33m;[39m
     [90m 57 |[39m[0m

      at src/__tests__/api.test.mjs:54:1

  ΓùÅ 2. User Endpoints ΓÇ║ GET /api/users/:handle - should get user by handle

    thrown: "Exceeded timeout of 5000 ms for a hook.
    Add a timeout value to this test to increase the timeout, if this is a long-running test. See 
https://jestjs.io/docs/api#testname-fn-timeout."

    [0m [90m 52 |[39m }[33m;[39m
     [90m 53 |[39m
    [31m[1m>[22m[39m[90m 54 |[39m beforeAll([36masync[39m () [33m=>[39m {
     [90m    |[39m [31m[1m^[22m[39m
     [90m 55 |[39m   [90m// Import app after env vars are set[39m
     [90m 56 |[39m   app [33m=[39m [36mawait[39m [36mimport[39m([32m'../index.js'[39m)[33m;[39m
     [90m 57 |[39m[0m

      at src/__tests__/api.test.mjs:54:1

  ΓùÅ 2. User Endpoints ΓÇ║ GET /api/users/:handle - should return 404 for non-existent user

    thrown: "Exceeded timeout of 5000 ms for a hook.
    Add a timeout value to this test to increase the timeout, if this is a long-running test. See 
https://jestjs.io/docs/api#testname-fn-timeout."

    [0m [90m 52 |[39m }[33m;[39m
     [90m 53 |[39m
    [31m[1m>[22m[39m[90m 54 |[39m beforeAll([36masync[39m () [33m=>[39m {
     [90m    |[39m [31m[1m^[22m[39m
     [90m 55 |[39m   [90m// Import app after env vars are set[39m
     [90m 56 |[39m   app [33m=[39m [36mawait[39m [36mimport[39m([32m'../index.js'[39m)[33m;[39m
     [90m 57 |[39m[0m

      at src/__tests__/api.test.mjs:54:1

  ΓùÅ 2. User Endpoints ΓÇ║ PUT /api/users/:handle - should update user profile (auth required)

    thrown: "Exceeded timeout of 5000 ms for a hook.
    Add a timeout value to this test to increase the timeout, if this is a long-running test. See 
https://jestjs.io/docs/api#testname-fn-timeout."

    [0m [90m 52 |[39m }[33m;[39m
     [90m 53 |[39m
    [31m[1m>[22m[39m[90m 54 |[39m beforeAll([36masync[39m () [33m=>[39m {
     [90m    |[39m [31m[1m^[22m[39m
     [90m 55 |[39m   [90m// Import app after env vars are set[39m
     [90m 56 |[39m   app [33m=[39m [36mawait[39m [36mimport[39m([32m'../index.js'[39m)[33m;[39m
     [90m 57 |[39m[0m

      at src/__tests__/api.test.mjs:54:1

  ΓùÅ 2. User Endpoints ΓÇ║ PUT /api/users/:handle - should fail without auth

    thrown: "Exceeded timeout of 5000 ms for a hook.
    Add a timeout value to this test to increase the timeout, if this is a long-running test. See 
https://jestjs.io/docs/api#testname-fn-timeout."

    [0m [90m 52 |[39m }[33m;[39m
     [90m 53 |[39m
    [31m[1m>[22m[39m[90m 54 |[39m beforeAll([36masync[39m () [33m=>[39m {
     [90m    |[39m [31m[1m^[22m[39m
     [90m 55 |[39m   [90m// Import app after env vars are set[39m
     [90m 56 |[39m   app [33m=[39m [36mawait[39m [36mimport[39m([32m'../index.js'[39m)[33m;[39m
     [90m 57 |[39m[0m

      at src/__tests__/api.test.mjs:54:1

  ΓùÅ 2. User Endpoints ΓÇ║ GET /api/users - should return all users (admin only)

    thrown: "Exceeded timeout of 5000 ms for a hook.
    Add a timeout value to this test to increase the timeout, if this is a long-running test. See 
https://jestjs.io/docs/api#testname-fn-timeout."

    [0m [90m 52 |[39m }[33m;[39m
     [90m 53 |[39m
    [31m[1m>[22m[39m[90m 54 |[39m beforeAll([36masync[39m () [33m=>[39m {
     [90m    |[39m [31m[1m^[22m[39m
     [90m 55 |[39m   [90m// Import app after env vars are set[39m
     [90m 56 |[39m   app [33m=[39m [36mawait[39m [36mimport[39m([32m'../index.js'[39m)[33m;[39m
     [90m 57 |[39m[0m

      at src/__tests__/api.test.mjs:54:1

  ΓùÅ 2. User Endpoints ΓÇ║ GET /api/users - should deny access to non-admin

    thrown: "Exceeded timeout of 5000 ms for a hook.
    Add a timeout value to this test to increase the timeout, if this is a long-running test. See 
https://jestjs.io/docs/api#testname-fn-timeout."

    [0m [90m 52 |[39m }[33m;[39m
     [90m 53 |[39m
    [31m[1m>[22m[39m[90m 54 |[39m beforeAll([36masync[39m () [33m=>[39m {
     [90m    |[39m [31m[1m^[22m[39m
     [90m 55 |[39m   [90m// Import app after env vars are set[39m
     [90m 56 |[39m   app [33m=[39m [36mawait[39m [36mimport[39m([32m'../index.js'[39m)[33m;[39m
     [90m 57 |[39m[0m

      at src/__tests__/api.test.mjs:54:1

  ΓùÅ 3. Report Endpoints ΓÇ║ POST /api/reports - should create new report (auth required)

    thrown: "Exceeded timeout of 5000 ms for a hook.
    Add a timeout value to this test to increase the timeout, if this is a long-running test. See 
https://jestjs.io/docs/api#testname-fn-timeout."

    [0m [90m 52 |[39m }[33m;[39m
     [90m 53 |[39m
    [31m[1m>[22m[39m[90m 54 |[39m beforeAll([36masync[39m () [33m=>[39m {
     [90m    |[39m [31m[1m^[22m[39m
     [90m 55 |[39m   [90m// Import app after env vars are set[39m
     [90m 56 |[39m   app [33m=[39m [36mawait[39m [36mimport[39m([32m'../index.js'[39m)[33m;[39m
     [90m 57 |[39m[0m

      at src/__tests__/api.test.mjs:54:1

  ΓùÅ 3. Report Endpoints ΓÇ║ POST /api/reports - should create new report (auth required)

    thrown: "Exceeded timeout of 5000 ms for a hook.
    Add a timeout value to this test to increase the timeout, if this is a long-running test. See 
https://jestjs.io/docs/api#testname-fn-timeout."

    [0m [90m 144 |[39m
     [90m 145 |[39m describe([32m'3. Report Endpoints'[39m[33m,[39m () [33m=>[39m {
    [31m[1m>[22m[39m[90m 146 |[39m   beforeAll([36masync[39m () [33m=>[39m {
     [90m     |[39m   [31m[1m^[22m[39m
     [90m 147 |[39m     [90m// Create a test report[39m
     [90m 148 |[39m     [36mconst[39m report [33m=[39m [36mnew[39m [33mReport[39m({ 
[33m...[39mtestReport[33m,[39m reportId[33m:[39m [32m'TEST_RPT_002'[39m })[33m;[39m
     [90m 149 |[39m     [36mawait[39m report[33m.[39msave()[33m;[39m[0m

      at src/__tests__/api.test.mjs:146:3
      at src/__tests__/api.test.mjs:145:1

  ΓùÅ 3. Report Endpoints ΓÇ║ POST /api/reports - should fail with missing required fields

    thrown: "Exceeded timeout of 5000 ms for a hook.
    Add a timeout value to this test to increase the timeout, if this is a long-running test. See 
https://jestjs.io/docs/api#testname-fn-timeout."

    [0m [90m 52 |[39m }[33m;[39m
     [90m 53 |[39m
    [31m[1m>[22m[39m[90m 54 |[39m beforeAll([36masync[39m () [33m=>[39m {
     [90m    |[39m [31m[1m^[22m[39m
     [90m 55 |[39m   [90m// Import app after env vars are set[39m
     [90m 56 |[39m   app [33m=[39m [36mawait[39m [36mimport[39m([32m'../index.js'[39m)[33m;[39m
     [90m 57 |[39m[0m

      at src/__tests__/api.test.mjs:54:1

  ΓùÅ 3. Report Endpoints ΓÇ║ POST /api/reports - should fail with missing required fields

    thrown: "Exceeded timeout of 5000 ms for a hook.
    Add a timeout value to this test to increase the timeout, if this is a long-running test. See 
https://jestjs.io/docs/api#testname-fn-timeout."

    [0m [90m 144 |[39m
     [90m 145 |[39m describe([32m'3. Report Endpoints'[39m[33m,[39m () [33m=>[39m {
    [31m[1m>[22m[39m[90m 146 |[39m   beforeAll([36masync[39m () [33m=>[39m {
     [90m     |[39m   [31m[1m^[22m[39m
     [90m 147 |[39m     [90m// Create a test report[39m
     [90m 148 |[39m     [36mconst[39m report [33m=[39m [36mnew[39m [33mReport[39m({ 
[33m...[39mtestReport[33m,[39m reportId[33m:[39m [32m'TEST_RPT_002'[39m })[33m;[39m
     [90m 149 |[39m     [36mawait[39m report[33m.[39msave()[33m;[39m[0m

      at src/__tests__/api.test.mjs:146:3
      at src/__tests__/api.test.mjs:145:1

  ΓùÅ 3. Report Endpoints ΓÇ║ GET /api/reports - should list reports with optional filters

    thrown: "Exceeded timeout of 5000 ms for a hook.
    Add a timeout value to this test to increase the timeout, if this is a long-running test. See 
https://jestjs.io/docs/api#testname-fn-timeout."

    [0m [90m 52 |[39m }[33m;[39m
     [90m 53 |[39m
    [31m[1m>[22m[39m[90m 54 |[39m beforeAll([36masync[39m () [33m=>[39m {
     [90m    |[39m [31m[1m^[22m[39m
     [90m 55 |[39m   [90m// Import app after env vars are set[39m
     [90m 56 |[39m   app [33m=[39m [36mawait[39m [36mimport[39m([32m'../index.js'[39m)[33m;[39m
     [90m 57 |[39m[0m

      at src/__tests__/api.test.mjs:54:1

  ΓùÅ 3. Report Endpoints ΓÇ║ GET /api/reports - should list reports with optional filters

    thrown: "Exceeded timeout of 5000 ms for a hook.
    Add a timeout value to this test to increase the timeout, if this is a long-running test. See 
https://jestjs.io/docs/api#testname-fn-timeout."

    [0m [90m 144 |[39m
     [90m 145 |[39m describe([32m'3. Report Endpoints'[39m[33m,[39m () [33m=>[39m {
    [31m[1m>[22m[39m[90m 146 |[39m   beforeAll([36masync[39m () [33m=>[39m {
     [90m     |[39m   [31m[1m^[22m[39m
     [90m 147 |[39m     [90m// Create a test report[39m
     [90m 148 |[39m     [36mconst[39m report [33m=[39m [36mnew[39m [33mReport[39m({ 
[33m...[39mtestReport[33m,[39m reportId[33m:[39m [32m'TEST_RPT_002'[39m })[33m;[39m
     [90m 149 |[39m     [36mawait[39m report[33m.[39msave()[33m;[39m[0m

      at src/__tests__/api.test.mjs:146:3
      at src/__tests__/api.test.mjs:145:1

  ΓùÅ 3. Report Endpoints ΓÇ║ GET /api/reports/:reportId - should get specific report

    thrown: "Exceeded timeout of 5000 ms for a hook.
    Add a timeout value to this test to increase the timeout, if this is a long-running test. See 
https://jestjs.io/docs/api#testname-fn-timeout."

    [0m [90m 52 |[39m }[33m;[39m
     [90m 53 |[39m
    [31m[1m>[22m[39m[90m 54 |[39m beforeAll([36masync[39m () [33m=>[39m {
     [90m    |[39m [31m[1m^[22m[39m
     [90m 55 |[39m   [90m// Import app after env vars are set[39m
     [90m 56 |[39m   app [33m=[39m [36mawait[39m [36mimport[39m([32m'../index.js'[39m)[33m;[39m
     [90m 57 |[39m[0m

      at src/__tests__/api.test.mjs:54:1

  ΓùÅ 3. Report Endpoints ΓÇ║ GET /api/reports/:reportId - should get specific report

    thrown: "Exceeded timeout of 5000 ms for a hook.
    Add a timeout value to this test to increase the timeout, if this is a long-running test. See 
https://jestjs.io/docs/api#testname-fn-timeout."

    [0m [90m 144 |[39m
     [90m 145 |[39m describe([32m'3. Report Endpoints'[39m[33m,[39m () [33m=>[39m {
    [31m[1m>[22m[39m[90m 146 |[39m   beforeAll([36masync[39m () [33m=>[39m {
     [90m     |[39m   [31m[1m^[22m[39m
     [90m 147 |[39m     [90m// Create a test report[39m
     [90m 148 |[39m     [36mconst[39m report [33m=[39m [36mnew[39m [33mReport[39m({ 
[33m...[39mtestReport[33m,[39m reportId[33m:[39m [32m'TEST_RPT_002'[39m })[33m;[39m
     [90m 149 |[39m     [36mawait[39m report[33m.[39msave()[33m;[39m[0m

      at src/__tests__/api.test.mjs:146:3
      at src/__tests__/api.test.mjs:145:1

  ΓùÅ 3. Report Endpoints ΓÇ║ GET /api/reports/:reportId - should return 404 for non-existent

    thrown: "Exceeded timeout of 5000 ms for a hook.
    Add a timeout value to this test to increase the timeout, if this is a long-running test. See 
https://jestjs.io/docs/api#testname-fn-timeout."

    [0m [90m 52 |[39m }[33m;[39m
     [90m 53 |[39m
    [31m[1m>[22m[39m[90m 54 |[39m beforeAll([36masync[39m () [33m=>[39m {
     [90m    |[39m [31m[1m^[22m[39m
     [90m 55 |[39m   [90m// Import app after env vars are set[39m
     [90m 56 |[39m   app [33m=[39m [36mawait[39m [36mimport[39m([32m'../index.js'[39m)[33m;[39m
     [90m 57 |[39m[0m

      at src/__tests__/api.test.mjs:54:1

  ΓùÅ 3. Report Endpoints ΓÇ║ GET /api/reports/:reportId - should return 404 for non-existent

    thrown: "Exceeded timeout of 5000 ms for a hook.
    Add a timeout value to this test to increase the timeout, if this is a long-running test. See 
https://jestjs.io/docs/api#testname-fn-timeout."

    [0m [90m 144 |[39m
     [90m 145 |[39m describe([32m'3. Report Endpoints'[39m[33m,[39m () [33m=>[39m {
    [31m[1m>[22m[39m[90m 146 |[39m   beforeAll([36masync[39m () [33m=>[39m {
     [90m     |[39m   [31m[1m^[22m[39m
     [90m 147 |[39m     [90m// Create a test report[39m
     [90m 148 |[39m     [36mconst[39m report [33m=[39m [36mnew[39m [33mReport[39m({ 
[33m...[39mtestReport[33m,[39m reportId[33m:[39m [32m'TEST_RPT_002'[39m })[33m;[39m
     [90m 149 |[39m     [36mawait[39m report[33m.[39msave()[33m;[39m[0m

      at src/__tests__/api.test.mjs:146:3
      at src/__tests__/api.test.mjs:145:1

  ΓùÅ 3. Report Endpoints ΓÇ║ PATCH /api/reports/:reportId/status - should update status (moderator+)

    thrown: "Exceeded timeout of 5000 ms for a hook.
    Add a timeout value to this test to increase the timeout, if this is a long-running test. See 
https://jestjs.io/docs/api#testname-fn-timeout."

    [0m [90m 52 |[39m }[33m;[39m
     [90m 53 |[39m
    [31m[1m>[22m[39m[90m 54 |[39m beforeAll([36masync[39m () [33m=>[39m {
     [90m    |[39m [31m[1m^[22m[39m
     [90m 55 |[39m   [90m// Import app after env vars are set[39m
     [90m 56 |[39m   app [33m=[39m [36mawait[39m [36mimport[39m([32m'../index.js'[39m)[33m;[39m
     [90m 57 |[39m[0m

      at src/__tests__/api.test.mjs:54:1

  ΓùÅ 3. Report Endpoints ΓÇ║ PATCH /api/reports/:reportId/status - should update status (moderator+)

    thrown: "Exceeded timeout of 5000 ms for a hook.
    Add a timeout value to this test to increase the timeout, if this is a long-running test. See 
https://jestjs.io/docs/api#testname-fn-timeout."

    [0m [90m 144 |[39m
     [90m 145 |[39m describe([32m'3. Report Endpoints'[39m[33m,[39m () [33m=>[39m {
    [31m[1m>[22m[39m[90m 146 |[39m   beforeAll([36masync[39m () [33m=>[39m {
     [90m     |[39m   [31m[1m^[22m[39m
     [90m 147 |[39m     [90m// Create a test report[39m
     [90m 148 |[39m     [36mconst[39m report [33m=[39m [36mnew[39m [33mReport[39m({ 
[33m...[39mtestReport[33m,[39m reportId[33m:[39m [32m'TEST_RPT_002'[39m })[33m;[39m
     [90m 149 |[39m     [36mawait[39m report[33m.[39msave()[33m;[39m[0m

      at src/__tests__/api.test.mjs:146:3
      at src/__tests__/api.test.mjs:145:1

  ΓùÅ 3. Report Endpoints ΓÇ║ PATCH /api/reports/:reportId/status - should reject invalid status

    thrown: "Exceeded timeout of 5000 ms for a hook.
    Add a timeout value to this test to increase the timeout, if this is a long-running test. See 
https://jestjs.io/docs/api#testname-fn-timeout."

    [0m [90m 52 |[39m }[33m;[39m
     [90m 53 |[39m
    [31m[1m>[22m[39m[90m 54 |[39m beforeAll([36masync[39m () [33m=>[39m {
     [90m    |[39m [31m[1m^[22m[39m
     [90m 55 |[39m   [90m// Import app after env vars are set[39m
     [90m 56 |[39m   app [33m=[39m [36mawait[39m [36mimport[39m([32m'../index.js'[39m)[33m;[39m
     [90m 57 |[39m[0m

      at src/__tests__/api.test.mjs:54:1

  ΓùÅ 3. Report Endpoints ΓÇ║ PATCH /api/reports/:reportId/status - should reject invalid status

    thrown: "Exceeded timeout of 5000 ms for a hook.
    Add a timeout value to this test to increase the timeout, if this is a long-running test. See 
https://jestjs.io/docs/api#testname-fn-timeout."

    [0m [90m 144 |[39m
     [90m 145 |[39m describe([32m'3. Report Endpoints'[39m[33m,[39m () [33m=>[39m {
    [31m[1m>[22m[39m[90m 146 |[39m   beforeAll([36masync[39m () [33m=>[39m {
     [90m     |[39m   [31m[1m^[22m[39m
     [90m 147 |[39m     [90m// Create a test report[39m
     [90m 148 |[39m     [36mconst[39m report [33m=[39m [36mnew[39m [33mReport[39m({ 
[33m...[39mtestReport[33m,[39m reportId[33m:[39m [32m'TEST_RPT_002'[39m })[33m;[39m
     [90m 149 |[39m     [36mawait[39m report[33m.[39msave()[33m;[39m[0m

      at src/__tests__/api.test.mjs:146:3
      at src/__tests__/api.test.mjs:145:1

  ΓùÅ 3. Report Endpoints ΓÇ║ PATCH /api/reports/:reportId/status - should deny user role

    thrown: "Exceeded timeout of 5000 ms for a hook.
    Add a timeout value to this test to increase the timeout, if this is a long-running test. See 
https://jestjs.io/docs/api#testname-fn-timeout."

    [0m [90m 52 |[39m }[33m;[39m
     [90m 53 |[39m
    [31m[1m>[22m[39m[90m 54 |[39m beforeAll([36masync[39m () [33m=>[39m {
     [90m    |[39m [31m[1m^[22m[39m
     [90m 55 |[39m   [90m// Import app after env vars are set[39m
     [90m 56 |[39m   app [33m=[39m [36mawait[39m [36mimport[39m([32m'../index.js'[39m)[33m;[39m
     [90m 57 |[39m[0m

      at src/__tests__/api.test.mjs:54:1

  ΓùÅ 3. Report Endpoints ΓÇ║ PATCH /api/reports/:reportId/status - should deny user role

    thrown: "Exceeded timeout of 5000 ms for a hook.
    Add a timeout value to this test to increase the timeout, if this is a long-running test. See 
https://jestjs.io/docs/api#testname-fn-timeout."

    [0m [90m 144 |[39m
     [90m 145 |[39m describe([32m'3. Report Endpoints'[39m[33m,[39m () [33m=>[39m {
    [31m[1m>[22m[39m[90m 146 |[39m   beforeAll([36masync[39m () [33m=>[39m {
     [90m     |[39m   [31m[1m^[22m[39m
     [90m 147 |[39m     [90m// Create a test report[39m
     [90m 148 |[39m     [36mconst[39m report [33m=[39m [36mnew[39m [33mReport[39m({ 
[33m...[39mtestReport[33m,[39m reportId[33m:[39m [32m'TEST_RPT_002'[39m })[33m;[39m
     [90m 149 |[39m     [36mawait[39m report[33m.[39msave()[33m;[39m[0m

      at src/__tests__/api.test.mjs:146:3
      at src/__tests__/api.test.mjs:145:1

  ΓùÅ 3. Report Endpoints ΓÇ║ DELETE /api/reports/:reportId - should delete report (admin only)

    thrown: "Exceeded timeout of 5000 ms for a hook.
    Add a timeout value to this test to increase the timeout, if this is a long-running test. See 
https://jestjs.io/docs/api#testname-fn-timeout."

    [0m [90m 52 |[39m }[33m;[39m
     [90m 53 |[39m
    [31m[1m>[22m[39m[90m 54 |[39m beforeAll([36masync[39m () [33m=>[39m {
     [90m    |[39m [31m[1m^[22m[39m
     [90m 55 |[39m   [90m// Import app after env vars are set[39m
     [90m 56 |[39m   app [33m=[39m [36mawait[39m [36mimport[39m([32m'../index.js'[39m)[33m;[39m
     [90m 57 |[39m[0m

      at src/__tests__/api.test.mjs:54:1

  ΓùÅ 3. Report Endpoints ΓÇ║ DELETE /api/reports/:reportId - should delete report (admin only)

    thrown: "Exceeded timeout of 5000 ms for a hook.
    Add a timeout value to this test to increase the timeout, if this is a long-running test. See 
https://jestjs.io/docs/api#testname-fn-timeout."

    [0m [90m 144 |[39m
     [90m 145 |[39m describe([32m'3. Report Endpoints'[39m[33m,[39m () [33m=>[39m {
    [31m[1m>[22m[39m[90m 146 |[39m   beforeAll([36masync[39m () [33m=>[39m {
     [90m     |[39m   [31m[1m^[22m[39m
     [90m 147 |[39m     [90m// Create a test report[39m
     [90m 148 |[39m     [36mconst[39m report [33m=[39m [36mnew[39m [33mReport[39m({ 
[33m...[39mtestReport[33m,[39m reportId[33m:[39m [32m'TEST_RPT_002'[39m })[33m;[39m
     [90m 149 |[39m     [36mawait[39m report[33m.[39msave()[33m;[39m[0m

      at src/__tests__/api.test.mjs:146:3
      at src/__tests__/api.test.mjs:145:1

  ΓùÅ 3. Report Endpoints ΓÇ║ DELETE /api/reports/:reportId - should deny moderator

    thrown: "Exceeded timeout of 5000 ms for a hook.
    Add a timeout value to this test to increase the timeout, if this is a long-running test. See 
https://jestjs.io/docs/api#testname-fn-timeout."

    [0m [90m 52 |[39m }[33m;[39m
     [90m 53 |[39m
    [31m[1m>[22m[39m[90m 54 |[39m beforeAll([36masync[39m () [33m=>[39m {
     [90m    |[39m [31m[1m^[22m[39m
     [90m 55 |[39m   [90m// Import app after env vars are set[39m
     [90m 56 |[39m   app [33m=[39m [36mawait[39m [36mimport[39m([32m'../index.js'[39m)[33m;[39m
     [90m 57 |[39m[0m

      at src/__tests__/api.test.mjs:54:1

  ΓùÅ 3. Report Endpoints ΓÇ║ DELETE /api/reports/:reportId - should deny moderator

    thrown: "Exceeded timeout of 5000 ms for a hook.
    Add a timeout value to this test to increase the timeout, if this is a long-running test. See 
https://jestjs.io/docs/api#testname-fn-timeout."

    [0m [90m 144 |[39m
     [90m 145 |[39m describe([32m'3. Report Endpoints'[39m[33m,[39m () [33m=>[39m {
    [31m[1m>[22m[39m[90m 146 |[39m   beforeAll([36masync[39m () [33m=>[39m {
     [90m     |[39m   [31m[1m^[22m[39m
     [90m 147 |[39m     [90m// Create a test report[39m
     [90m 148 |[39m     [36mconst[39m report [33m=[39m [36mnew[39m [33mReport[39m({ 
[33m...[39mtestReport[33m,[39m reportId[33m:[39m [32m'TEST_RPT_002'[39m })[33m;[39m
     [90m 149 |[39m     [36mawait[39m report[33m.[39msave()[33m;[39m[0m

      at src/__tests__/api.test.mjs:146:3
      at src/__tests__/api.test.mjs:145:1

  ΓùÅ 4. Review Endpoints ΓÇ║ POST /api/reviews - should create review (moderator+)

    thrown: "Exceeded timeout of 5000 ms for a hook.
    Add a timeout value to this test to increase the timeout, if this is a long-running test. See 
https://jestjs.io/docs/api#testname-fn-timeout."

    [0m [90m 52 |[39m }[33m;[39m
     [90m 53 |[39m
    [31m[1m>[22m[39m[90m 54 |[39m beforeAll([36masync[39m () [33m=>[39m {
     [90m    |[39m [31m[1m^[22m[39m
     [90m 55 |[39m   [90m// Import app after env vars are set[39m
     [90m 56 |[39m   app [33m=[39m [36mawait[39m [36mimport[39m([32m'../index.js'[39m)[33m;[39m
     [90m 57 |[39m[0m

      at src/__tests__/api.test.mjs:54:1

  ΓùÅ 4. Review Endpoints ΓÇ║ POST /api/reviews - should create review (moderator+)

    thrown: "Exceeded timeout of 5000 ms for a hook.
    Add a timeout value to this test to increase the timeout, if this is a long-running test. See 
https://jestjs.io/docs/api#testname-fn-timeout."

    [0m [90m 262 |[39m   [36mlet[39m testReviewId[33m;[39m
     [90m 263 |[39m
    [31m[1m>[22m[39m[90m 264 |[39m   beforeAll([36masync[39m () [33m=>[39m {
     [90m     |[39m   [31m[1m^[22m[39m
     [90m 265 |[39m     [90m// Ensure we have a report to review[39m
     [90m 266 |[39m     [36mlet[39m report [33m=[39m [36mawait[39m [33mReport[39m[33m.[39mfindOne({ 
reportId[33m:[39m testReportId })[33m;[39m
     [90m 267 |[39m     [36mif[39m ([33m![39mreport) {[0m

      at src/__tests__/api.test.mjs:264:3
      at src/__tests__/api.test.mjs:261:1

  ΓùÅ 4. Review Endpoints ΓÇ║ POST /api/reviews - should fail for regular user

    thrown: "Exceeded timeout of 5000 ms for a hook.
    Add a timeout value to this test to increase the timeout, if this is a long-running test. See 
https://jestjs.io/docs/api#testname-fn-timeout."

    [0m [90m 52 |[39m }[33m;[39m
     [90m 53 |[39m
    [31m[1m>[22m[39m[90m 54 |[39m beforeAll([36masync[39m () [33m=>[39m {
     [90m    |[39m [31m[1m^[22m[39m
     [90m 55 |[39m   [90m// Import app after env vars are set[39m
     [90m 56 |[39m   app [33m=[39m [36mawait[39m [36mimport[39m([32m'../index.js'[39m)[33m;[39m
     [90m 57 |[39m[0m

      at src/__tests__/api.test.mjs:54:1

  ΓùÅ 4. Review Endpoints ΓÇ║ POST /api/reviews - should fail for regular user

    thrown: "Exceeded timeout of 5000 ms for a hook.
    Add a timeout value to this test to increase the timeout, if this is a long-running test. See 
https://jestjs.io/docs/api#testname-fn-timeout."

    [0m [90m 262 |[39m   [36mlet[39m testReviewId[33m;[39m
     [90m 263 |[39m
    [31m[1m>[22m[39m[90m 264 |[39m   beforeAll([36masync[39m () [33m=>[39m {
     [90m     |[39m   [31m[1m^[22m[39m
     [90m 265 |[39m     [90m// Ensure we have a report to review[39m
     [90m 266 |[39m     [36mlet[39m report [33m=[39m [36mawait[39m [33mReport[39m[33m.[39mfindOne({ 
reportId[33m:[39m testReportId })[33m;[39m
     [90m 267 |[39m     [36mif[39m ([33m![39mreport) {[0m

      at src/__tests__/api.test.mjs:264:3
      at src/__tests__/api.test.mjs:261:1

  ΓùÅ 4. Review Endpoints ΓÇ║ GET /api/reviews/report/:reportId - should list reviews for a report

    thrown: "Exceeded timeout of 5000 ms for a hook.
    Add a timeout value to this test to increase the timeout, if this is a long-running test. See 
https://jestjs.io/docs/api#testname-fn-timeout."

    [0m [90m 52 |[39m }[33m;[39m
     [90m 53 |[39m
    [31m[1m>[22m[39m[90m 54 |[39m beforeAll([36masync[39m () [33m=>[39m {
     [90m    |[39m [31m[1m^[22m[39m
     [90m 55 |[39m   [90m// Import app after env vars are set[39m
     [90m 56 |[39m   app [33m=[39m [36mawait[39m [36mimport[39m([32m'../index.js'[39m)[33m;[39m
     [90m 57 |[39m[0m

      at src/__tests__/api.test.mjs:54:1

  ΓùÅ 4. Review Endpoints ΓÇ║ GET /api/reviews/report/:reportId - should list reviews for a report

    thrown: "Exceeded timeout of 5000 ms for a hook.
    Add a timeout value to this test to increase the timeout, if this is a long-running test. See 
https://jestjs.io/docs/api#testname-fn-timeout."

    [0m [90m 262 |[39m   [36mlet[39m testReviewId[33m;[39m
     [90m 263 |[39m
    [31m[1m>[22m[39m[90m 264 |[39m   beforeAll([36masync[39m () [33m=>[39m {
     [90m     |[39m   [31m[1m^[22m[39m
     [90m 265 |[39m     [90m// Ensure we have a report to review[39m
     [90m 266 |[39m     [36mlet[39m report [33m=[39m [36mawait[39m [33mReport[39m[33m.[39mfindOne({ 
reportId[33m:[39m testReportId })[33m;[39m
     [90m 267 |[39m     [36mif[39m ([33m![39mreport) {[0m

      at src/__tests__/api.test.mjs:264:3
      at src/__tests__/api.test.mjs:261:1

  ΓùÅ 4. Review Endpoints ΓÇ║ GET /api/reviews/:reviewId - should get specific review

    thrown: "Exceeded timeout of 5000 ms for a hook.
    Add a timeout value to this test to increase the timeout, if this is a long-running test. See 
https://jestjs.io/docs/api#testname-fn-timeout."

    [0m [90m 52 |[39m }[33m;[39m
     [90m 53 |[39m
    [31m[1m>[22m[39m[90m 54 |[39m beforeAll([36masync[39m () [33m=>[39m {
     [90m    |[39m [31m[1m^[22m[39m
     [90m 55 |[39m   [90m// Import app after env vars are set[39m
     [90m 56 |[39m   app [33m=[39m [36mawait[39m [36mimport[39m([32m'../index.js'[39m)[33m;[39m
     [90m 57 |[39m[0m

      at src/__tests__/api.test.mjs:54:1

  ΓùÅ 4. Review Endpoints ΓÇ║ GET /api/reviews/:reviewId - should get specific review

    thrown: "Exceeded timeout of 5000 ms for a hook.
    Add a timeout value to this test to increase the timeout, if this is a long-running test. See 
https://jestjs.io/docs/api#testname-fn-timeout."

    [0m [90m 262 |[39m   [36mlet[39m testReviewId[33m;[39m
     [90m 263 |[39m
    [31m[1m>[22m[39m[90m 264 |[39m   beforeAll([36masync[39m () [33m=>[39m {
     [90m     |[39m   [31m[1m^[22m[39m
     [90m 265 |[39m     [90m// Ensure we have a report to review[39m
     [90m 266 |[39m     [36mlet[39m report [33m=[39m [36mawait[39m [33mReport[39m[33m.[39mfindOne({ 
reportId[33m:[39m testReportId })[33m;[39m
     [90m 267 |[39m     [36mif[39m ([33m![39mreport) {[0m

      at src/__tests__/api.test.mjs:264:3
      at src/__tests__/api.test.mjs:261:1

  ΓùÅ 4. Review Endpoints ΓÇ║ PUT /api/reviews/:reviewId - should update review comment (moderator+)

    thrown: "Exceeded timeout of 5000 ms for a hook.
    Add a timeout value to this test to increase the timeout, if this is a long-running test. See 
https://jestjs.io/docs/api#testname-fn-timeout."

    [0m [90m 52 |[39m }[33m;[39m
     [90m 53 |[39m
    [31m[1m>[22m[39m[90m 54 |[39m beforeAll([36masync[39m () [33m=>[39m {
     [90m    |[39m [31m[1m^[22m[39m
     [90m 55 |[39m   [90m// Import app after env vars are set[39m
     [90m 56 |[39m   app [33m=[39m [36mawait[39m [36mimport[39m([32m'../index.js'[39m)[33m;[39m
     [90m 57 |[39m[0m

      at src/__tests__/api.test.mjs:54:1

  ΓùÅ 4. Review Endpoints ΓÇ║ PUT /api/reviews/:reviewId - should update review comment (moderator+)

    thrown: "Exceeded timeout of 5000 ms for a hook.
    Add a timeout value to this test to increase the timeout, if this is a long-running test. See 
https://jestjs.io/docs/api#testname-fn-timeout."

    [0m [90m 262 |[39m   [36mlet[39m testReviewId[33m;[39m
     [90m 263 |[39m
    [31m[1m>[22m[39m[90m 264 |[39m   beforeAll([36masync[39m () [33m=>[39m {
     [90m     |[39m   [31m[1m^[22m[39m
     [90m 265 |[39m     [90m// Ensure we have a report to review[39m
     [90m 266 |[39m     [36mlet[39m report [33m=[39m [36mawait[39m [33mReport[39m[33m.[39mfindOne({ 
reportId[33m:[39m testReportId })[33m;[39m
     [90m 267 |[39m     [36mif[39m ([33m![39mreport) {[0m

      at src/__tests__/api.test.mjs:264:3
      at src/__tests__/api.test.mjs:261:1

  ΓùÅ 4. Review Endpoints ΓÇ║ PUT /api/reviews/:reviewId - should deny user from updating

    thrown: "Exceeded timeout of 5000 ms for a hook.
    Add a timeout value to this test to increase the timeout, if this is a long-running test. See 
https://jestjs.io/docs/api#testname-fn-timeout."

    [0m [90m 52 |[39m }[33m;[39m
     [90m 53 |[39m
    [31m[1m>[22m[39m[90m 54 |[39m beforeAll([36masync[39m () [33m=>[39m {
     [90m    |[39m [31m[1m^[22m[39m
     [90m 55 |[39m   [90m// Import app after env vars are set[39m
     [90m 56 |[39m   app [33m=[39m [36mawait[39m [36mimport[39m([32m'../index.js'[39m)[33m;[39m
     [90m 57 |[39m[0m

      at src/__tests__/api.test.mjs:54:1

  ΓùÅ 4. Review Endpoints ΓÇ║ PUT /api/reviews/:reviewId - should deny user from updating

    thrown: "Exceeded timeout of 5000 ms for a hook.
    Add a timeout value to this test to increase the timeout, if this is a long-running test. See 
https://jestjs.io/docs/api#testname-fn-timeout."

    [0m [90m 262 |[39m   [36mlet[39m testReviewId[33m;[39m
     [90m 263 |[39m
    [31m[1m>[22m[39m[90m 264 |[39m   beforeAll([36masync[39m () [33m=>[39m {
     [90m     |[39m   [31m[1m^[22m[39m
     [90m 265 |[39m     [90m// Ensure we have a report to review[39m
     [90m 266 |[39m     [36mlet[39m report [33m=[39m [36mawait[39m [33mReport[39m[33m.[39mfindOne({ 
reportId[33m:[39m testReportId })[33m;[39m
     [90m 267 |[39m     [36mif[39m ([33m![39mreport) {[0m

      at src/__tests__/api.test.mjs:264:3
      at src/__tests__/api.test.mjs:261:1

  ΓùÅ 5. Validation Tests ΓÇ║ User handle validation - should reject invalid characters

    thrown: "Exceeded timeout of 5000 ms for a hook.
    Add a timeout value to this test to increase the timeout, if this is a long-running test. See 
https://jestjs.io/docs/api#testname-fn-timeout."

    [0m [90m 52 |[39m }[33m;[39m
     [90m 53 |[39m
    [31m[1m>[22m[39m[90m 54 |[39m beforeAll([36masync[39m () [33m=>[39m {
     [90m    |[39m [31m[1m^[22m[39m
     [90m 55 |[39m   [90m// Import app after env vars are set[39m
     [90m 56 |[39m   app [33m=[39m [36mawait[39m [36mimport[39m([32m'../index.js'[39m)[33m;[39m
     [90m 57 |[39m[0m

      at src/__tests__/api.test.mjs:54:1

  ΓùÅ 5. Validation Tests ΓÇ║ Report validation - should require all mandatory fields

    thrown: "Exceeded timeout of 5000 ms for a hook.
    Add a timeout value to this test to increase the timeout, if this is a long-running test. See 
https://jestjs.io/docs/api#testname-fn-timeout."

    [0m [90m 52 |[39m }[33m;[39m
     [90m 53 |[39m
    [31m[1m>[22m[39m[90m 54 |[39m beforeAll([36masync[39m () [33m=>[39m {
     [90m    |[39m [31m[1m^[22m[39m
     [90m 55 |[39m   [90m// Import app after env vars are set[39m
     [90m 56 |[39m   app [33m=[39m [36mawait[39m [36mimport[39m([32m'../index.js'[39m)[33m;[39m
     [90m 57 |[39m[0m

      at src/__tests__/api.test.mjs:54:1

  ΓùÅ 5. Validation Tests ΓÇ║ Review decision validation - should only accept approve/reject

    thrown: "Exceeded timeout of 5000 ms for a hook.
    Add a timeout value to this test to increase the timeout, if this is a long-running test. See 
https://jestjs.io/docs/api#testname-fn-timeout."

    [0m [90m 52 |[39m }[33m;[39m
     [90m 53 |[39m
    [31m[1m>[22m[39m[90m 54 |[39m beforeAll([36masync[39m () [33m=>[39m {
     [90m    |[39m [31m[1m^[22m[39m
     [90m 55 |[39m   [90m// Import app after env vars are set[39m
     [90m 56 |[39m   app [33m=[39m [36mawait[39m [36mimport[39m([32m'../index.js'[39m)[33m;[39m
     [90m 57 |[39m[0m

      at src/__tests__/api.test.mjs:54:1

  ΓùÅ 6. Error Handling ΓÇ║ Should return 404 for unknown routes

    thrown: "Exceeded timeout of 5000 ms for a hook.
    Add a timeout value to this test to increase the timeout, if this is a long-running test. See 
https://jestjs.io/docs/api#testname-fn-timeout."

    [0m [90m 52 |[39m }[33m;[39m
     [90m 53 |[39m
    [31m[1m>[22m[39m[90m 54 |[39m beforeAll([36masync[39m () [33m=>[39m {
     [90m    |[39m [31m[1m^[22m[39m
     [90m 55 |[39m   [90m// Import app after env vars are set[39m
     [90m 56 |[39m   app [33m=[39m [36mawait[39m [36mimport[39m([32m'../index.js'[39m)[33m;[39m
     [90m 57 |[39m[0m

      at src/__tests__/api.test.mjs:54:1

  ΓùÅ 6. Error Handling ΓÇ║ Should handle server errors gracefully

    thrown: "Exceeded timeout of 5000 ms for a hook.
    Add a timeout value to this test to increase the timeout, if this is a long-running test. See 
https://jestjs.io/docs/api#testname-fn-timeout."

    [0m [90m 52 |[39m }[33m;[39m
     [90m 53 |[39m
    [31m[1m>[22m[39m[90m 54 |[39m beforeAll([36masync[39m () [33m=>[39m {
     [90m    |[39m [31m[1m^[22m[39m
     [90m 55 |[39m   [90m// Import app after env vars are set[39m
     [90m 56 |[39m   app [33m=[39m [36mawait[39m [36mimport[39m([32m'../index.js'[39m)[33m;[39m
     [90m 57 |[39m[0m

      at src/__tests__/api.test.mjs:54:1


  ΓùÅ Test suite failed to run

    thrown: "Exceeded timeout of 5000 ms for a hook.
    Add a timeout value to this test to increase the timeout, if this is a long-running test. See 
https://jestjs.io/docs/api#testname-fn-timeout."

    [0m [90m 76 |[39m })[33m;[39m
     [90m 77 |[39m
    [31m[1m>[22m[39m[90m 78 |[39m afterAll([36masync[39m () [33m=>[39m {
     [90m    |[39m [31m[1m^[22m[39m
     [90m 79 |[39m   [90m// Cleanup[39m
     [90m 80 |[39m   [36mawait[39m [33mUser[39m[33m.[39mdeleteMany({})[33m;[39m
     [90m 81 |[39m   [36mawait[39m [33mReport[39m[33m.[39mdeleteMany({})[33m;[39m[0m

      at src/__tests__/api.test.mjs:78:1

PASS src/__tests__/health.test.mjs
  Health Check
    ΓêÜ GET /health should return OK (105 ms)

Test Suites: 1 failed, 1 passed, 2 total
Tests:       28 failed, 1 passed, 29 total
Snapshots:   0 total
Time:        24.521 s
Ran all test suites.
